[02:37:29] [ServerMain/INFO]: Environment: Environment[sessionHost=https://sessionserver.mojang.com, servicesHost=https://api.minecraftservices.com, profilesHost=https://api.mojang.com, name=PROD]
[02:37:31] [ServerMain/INFO]: No existing world data, creating new world
[02:37:32] [ServerMain/INFO]: Loaded 1470 recipes
[02:37:32] [ServerMain/INFO]: Loaded 1584 advancements
[02:37:32] [Server thread/INFO]: Starting minecraft server version 1.21.11
[02:37:32] [Server thread/INFO]: Loading properties
[02:37:32] [Server thread/INFO]: Default game type: SURVIVAL
[02:37:32] [Server thread/INFO]: Generating keypair
[02:37:32] [Server thread/INFO]: Starting Minecraft server on *:25565
[02:37:33] [Server thread/WARN]: **** SERVER IS RUNNING IN OFFLINE/INSECURE MODE!
[02:37:33] [Server thread/WARN]: The server will make no attempt to authenticate usernames. Beware.
[02:37:33] [Server thread/WARN]: While this makes the game possible to play without internet access, it also opens up the ability for hackers to connect with any username they choose.
[02:37:33] [Server thread/WARN]: To change this, set "online-mode" to "true" in the server.properties file.
[02:37:33] [Server thread/INFO]: Preparing level "world"
[02:37:33] [Server thread/INFO]: Selecting global world spawn...
[02:37:48] [Server thread/INFO]: Loading 0 persistent chunks...
[02:37:48] [Server thread/INFO]: Preparing spawn area: 100%
[02:37:48] [Server thread/INFO]: Time elapsed: 14799 ms
[02:37:48] [Server thread/INFO]: Done (15.382s)! For help, type "help"
[02:38:10] [Server thread/INFO]: matthe[/10.214.50.122:62933] logged in with entity id 37 at (52.5, 95.0, 5.5)
[02:38:10] [Server thread/INFO]: matthe joined the game
[02:38:42] [Server thread/INFO]: elbasto_[/10.214.50.233:56274] logged in with entity id 302 at (42.5, 88.0, 1.5)
[02:38:42] [Server thread/INFO]: elbasto_ joined the game
[02:39:47] [Server thread/INFO]: elbasto_ has made the advancement [Stone Age]
[02:40:18] [Server thread/INFO]: elbasto_ has made the advancement [Getting an Upgrade]
[02:40:31] [Server thread/INFO]: matthe has made the advancement [Stone Age]
[02:40:56] [Server thread/INFO]: matthe has made the advancement [Getting an Upgrade]
[02:43:56] [Server thread/INFO]: elbasto_ has made the advancement [Acquire Hardware]
[02:44:01] [Server thread/INFO]: elbasto_ has made the advancement [Isn't It Iron Pick]
[02:44:18] [Server thread/INFO]: matthe has made the advancement [Acquire Hardware]
[02:45:31] [Server thread/INFO]: Danynii[/10.214.50.88:57248] logged in with entity id 1770 at (56.5, 100.0, -7.5)
[02:45:31] [Server thread/INFO]: Danynii joined the game
[02:45:37] [Server thread/INFO]: matthe has made the advancement [Suit Up]
[02:46:55] [Server thread/INFO]: matthe has made the advancement [Monster Hunter]
